file /home/sousae/apollo/src/buildconf/config_mpi.py,line 25:
	Configure(confdir = .sconf_temp)
scons: Configure: Checking for C header file mpi.h... 
scons: Configure: ".sconf_temp/conftest_0.c" is up to date.
scons: Configure: The original builder output was:
  |.sconf_temp/conftest_0.c <-
  |  |
  |  |#include "mpi.h"
  |  |
  |  |
  |
scons: Configure: ".sconf_temp/conftest_0.o" is up to date.
scons: Configure: The original builder output was:
  |mpicc -o .sconf_temp/conftest_0.o -c -I/usr/include .sconf_temp/conftest_0.c
  |
scons: Configure: (cached) yes

scons: Configure: Checking for C++ header file mpi.h... 
scons: Configure: ".sconf_temp/conftest_1.cpp" is up to date.
scons: Configure: The original builder output was:
  |.sconf_temp/conftest_1.cpp <-
  |  |
  |  |#include "mpi.h"
  |  |
  |  |
  |
scons: Configure: ".sconf_temp/conftest_1.o" is up to date.
scons: Configure: The original builder output was:
  |mpicxx -o .sconf_temp/conftest_1.o -c -I/usr/include .sconf_temp/conftest_1.cpp
  |
scons: Configure: (cached) yes


file /home/sousae/apollo/src/buildconf/config_petsc.py,line 19:
	Configure(confdir = .sconf_temp)
scons: Configure: Checking for C++ header file petscdmmoab.h... 
scons: Configure: ".sconf_temp/conftest_2.cpp" is up to date.
scons: Configure: The original builder output was:
  |.sconf_temp/conftest_2.cpp <-
  |  |
  |  |#include "petscdmmoab.h"
  |  |
  |  |
  |
scons: Configure: ".sconf_temp/conftest_2.o" is up to date.
scons: Configure: The original builder output was:
  |mpicxx -o .sconf_temp/conftest_2.o -c -I/usr/include -I/home/sousae/software/petsc-moab/include .sconf_temp/conftest_2.cpp
  |
scons: Configure: (cached) yes

scons: Configure: Checking for C library MOAB... 
scons: Configure: ".sconf_temp/conftest_3.c" is up to date.
scons: Configure: The original builder output was:
  |.sconf_temp/conftest_3.c <-
  |  |
  |  |
  |  |
  |  |int
  |  |main() {
  |  |  
  |  |return 0;
  |  |}
  |  |
  |
scons: Configure: ".sconf_temp/conftest_3.o" is up to date.
scons: Configure: The original builder output was:
  |mpicc -o .sconf_temp/conftest_3.o -c -I/usr/include -I/home/sousae/software/petsc-moab/include .sconf_temp/conftest_3.c
  |
scons: Configure: ".sconf_temp/conftest_3" is up to date.
scons: Configure: The original builder output was:
  |mpicc -o .sconf_temp/conftest_3 .sconf_temp/conftest_3.o -L/usr/lib -L/home/sousae/software/petsc-moab/lib -lMOAB
  |
scons: Configure: (cached) yes

scons: Configure: Checking for C++ header file petsc.h... 
scons: Configure: ".sconf_temp/conftest_4.cpp" is up to date.
scons: Configure: The original builder output was:
  |.sconf_temp/conftest_4.cpp <-
  |  |
  |  |#include "petsc.h"
  |  |
  |  |
  |
scons: Configure: ".sconf_temp/conftest_4.o" is up to date.
scons: Configure: The original builder output was:
  |mpicxx -o .sconf_temp/conftest_4.o -c -I/usr/include -I/home/sousae/software/petsc-moab/include .sconf_temp/conftest_4.cpp
  |
scons: Configure: (cached) yes

scons: Configure: Checking for C library petsc... 
scons: Configure: ".sconf_temp/conftest_5.c" is up to date.
scons: Configure: The original builder output was:
  |.sconf_temp/conftest_5.c <-
  |  |
  |  |
  |  |
  |  |int
  |  |main() {
  |  |  
  |  |return 0;
  |  |}
  |  |
  |
scons: Configure: ".sconf_temp/conftest_5.o" is up to date.
scons: Configure: The original builder output was:
  |mpicc -o .sconf_temp/conftest_5.o -c -I/usr/include -I/home/sousae/software/petsc-moab/include .sconf_temp/conftest_5.c
  |
scons: Configure: ".sconf_temp/conftest_5" is up to date.
scons: Configure: The original builder output was:
  |mpicc -o .sconf_temp/conftest_5 .sconf_temp/conftest_5.o -L/usr/lib -L/home/sousae/software/petsc-moab/lib -lMOAB -lpetsc
  |
scons: Configure: (cached) yes


